﻿
> hotel-system-frontend@0.0.0 build
> vite build

[36mvite v5.4.21 [32mbuilding for production...[36m[39m
transforming...
[32mÔ£ô[39m 1761 modules transformed.
node.exe : [31mx[39m 
Build failed in 5.26s
En C:\Program 
Files\nodejs\npm.ps1: 
29 Carácter: 3
+   & $NODE_EXE 
$NPM_CLI_JS $args
+   ~~~~~~~~~~~~~~~~~~~
~~~~~~~~~~
    + CategoryInfo     
         : NotSpecifi  
  ed: ([31mx[39m B   
 uild failed in 5.2    
6s:String) [], Rem    
oteException
    + FullyQualifiedEr 
   rorId : NativeComm  
  andError
 
[31merror during 
build:
[31msrc/components/Lay
out/Sidebar.jsx 
(4:46): 
"ShoppingStore" is not 
exported by "node_modul
es/lucide-react/dist/es
m/lucide-react.js", 
imported by "src/compon
ents/Layout/Sidebar.jsx
".[31m
file: [36mC:/Users/USU
ARIO/Documents/Empresa/
Hotel/hotel-system/fron
tend/src/components/Lay
out/Sidebar.jsx:4:46[3
1m
[33m
2: import { NavLink } 
from 
'react-router-dom';
3: import { 
AuthContext } from '../
../context/AuthContext'
;
4: import { 
LayoutDashboard, Bed, 
CalendarCheck, 
ShoppingStore, LogOut, 
Hotel } from 
'lucide-react';
                       
                       
   ^
5: 
6: const Sidebar = () 
=> {
[31m
    at getRollupError (
file:///C:/Users/USUARI
O/Documents/Empresa/Hot
el/hotel-system/fronten
d/node_modules/rollup/d
ist/es/shared/parseAst.
js:402:41)
    at error (file:///C
:/Users/USUARIO/Documen
ts/Empresa/Hotel/hotel-
system/frontend/node_mo
dules/rollup/dist/es/sh
ared/parseAst.js:398:42
)
    at Module.error (fi
le:///C:/Users/USUARIO/
Documents/Empresa/Hotel
/hotel-system/frontend/
node_modules/rollup/dis
t/es/shared/node-entry.
js:17040:16)
    at 
Module.traceVariable (f
ile:///C:/Users/USUARIO
/Documents/Empresa/Hote
l/hotel-system/frontend
/node_modules/rollup/di
st/es/shared/node-entry
.js:17452:29)
    at ModuleScope.find
Variable (file:///C:/Us
ers/USUARIO/Documents/E
mpresa/Hotel/hotel-syst
em/frontend/node_module
s/rollup/dist/es/shared
/node-entry.js:15070:39
)
    at ReturnValueScope
.findVariable (file:///
C:/Users/USUARIO/Docume
nts/Empresa/Hotel/hotel
-system/frontend/node_m
odules/rollup/dist/es/s
hared/node-entry.js:567
3:38)
    at FunctionBodyScop
e.findVariable (file://
/C:/Users/USUARIO/Docum
ents/Empresa/Hotel/hote
l-system/frontend/node_
modules/rollup/dist/es/
shared/node-entry.js:56
73:38)
    at Identifier.bind 
(file:///C:/Users/USUAR
IO/Documents/Empresa/Ho
tel/hotel-system/fronte
nd/node_modules/rollup/
dist/es/shared/node-ent
ry.js:5447:40)
    at 
CallExpression.bind (fi
le:///C:/Users/USUARIO/
Documents/Empresa/Hotel
/hotel-system/frontend/
node_modules/rollup/dis
t/es/shared/node-entry.
js:2825:28)
    at 
CallExpression.bind (fi
le:///C:/Users/USUARIO/
Documents/Empresa/Hotel
/hotel-system/frontend/
node_modules/rollup/dis
t/es/shared/node-entry.
js:12179:15)[39m
